
> vite_react_shadcn_ts@0.0.0 test
> vitest run src/components/sales/unified-composer/__tests__/UnifiedQuoteComposer.smart.test.tsx


[1m[46m RUN [49m[22m [36mv4.0.16 [39m[90m/Users/vims/Downloads/Development Projects/Trae/SOS Logistics Pro/logic-nexus-ai[39m

[90mstderr[2m | src/components/sales/unified-composer/__tests__/UnifiedQuoteComposer.smart.test.tsx[2m > [22m[2mUnifiedQuoteComposer Smart Mode[2m > [22m[2mhandles "Get Rates" with Smart Mode enabled
[22m[39m⚠️ React Router Future Flag Warning: React Router will begin wrapping state updates in `React.startTransition` in v7. You can use the `v7_startTransition` future flag to opt-in early. For more information, see https://reactrouter.com/v6/upgrading/future#v7_starttransition.
⚠️ React Router Future Flag Warning: Relative route resolution within Splat routes is changing in v7. You can use the `v7_relativeSplatPath` future flag to opt-in early. For more information, see https://reactrouter.com/v6/upgrading/future#v7_relativesplatpath.

 [31m❯[39m src/components/sales/unified-composer/__tests__/UnifiedQuoteComposer.smart.test.tsx [2m([22m[2m2 tests[22m[2m | [22m[31m1 failed[39m[2m)[22m[33m 1057[2mms[22m[39m
     [32m✓[39m handles "Get Rates" with Smart Mode enabled[32m 32[2mms[22m[39m
[31m     [31m×[31m saves a quote selected from Smart Mode results[39m[33m 1024[2mms[22m[39m

[31m⎯⎯⎯⎯⎯⎯⎯[39m[1m[41m Failed Tests 1 [49m[22m[31m⎯⎯⎯⎯⎯⎯⎯[39m

[41m[1m FAIL [22m[49m src/components/sales/unified-composer/__tests__/UnifiedQuoteComposer.smart.test.tsx[2m > [22mUnifiedQuoteComposer Smart Mode[2m > [22msaves a quote selected from Smart Mode results
[31m[1mAssertionError[22m: expected "vi.fn()" to be called with arguments: [ 'save_quote_atomic', …(1) ][90m

Number of calls: [1m0[22m
[31m

Ignored nodes: comments, script, style
[36m<html>[31m
  [36m<head />[31m
  [36m<body>[31m
    [36m<div>[31m
      [36m<div[31m
        [33mdata-testid[31m=[32m"quote-store-provider"[31m
      [36m>[31m
        [36m<div[31m
          [33mdata-testid[31m=[32m"enterprise-layout"[31m
        [36m>[31m
          [36m<h1>[31m
            [0mNew Quotation[0m
          [36m</h1>[31m
          [36m<div>[31m
            [36m<div[31m
              [33mclass[31m=[32m"flex items-center gap-2"[31m
            [36m/>[31m
          [36m</div>[31m
          [36m<div[31m
            [33mclass[31m=[32m"space-y-6 w-full max-w-full"[31m
          [36m>[31m
            [36m<div[31m
              [33mdata-testid[31m=[32m"form-zone"[31m
            [36m>[31m
              [36m<button[31m
                [33mdata-testid[31m=[32m"get-rates-btn"[31m
              [36m>[31m
                [0mGet Rates[0m
              [36m</button>[31m
            [36m</div>[31m
            [36m<div[31m
              [33mdata-testid[31m=[32m"separator"[31m
            [36m/>[31m
            [36m<div[31m
              [33mdata-testid[31m=[32m"results-zone"[31m
            [36m>[31m
              [36m<div>[31m
                [0mSmart Results Active[0m
              [36m</div>[31m
              [36m<div>[31m
                [0mAI Analysis Ready[0m
              [36m</div>[31m
              [36m<ul>[31m
                [36m<li[31m
                  [33mdata-testid[31m=[32m"rate-option"[31m
                [36m>[31m
                  [0mAI Carrier[0m
                  [0m - [0m
                  [0m1000[0m
                  [36m<button[31m
                    [33mdata-testid[31m=[32m"select-option-ai-1"[31m
                  [36m>[31m
                    [0mSelect[0m
                  [36m</button>[31m
                [36m</li>[31m
              [36m</ul>[31m
              [36m<div[31m
                [33mdata-testid[31m=[32m"available-options"[31m
              [36m>[31m
                [36m<div>[31m
                  [0mMarket Carrier[0m
                  [0m - [0m
                  [0m1200[0m
                  [36m<button[31m
                    [33mdata-testid[31m=[32m"add-option-mkt-1"[31m
                  [36m>[31m
                    [0mAdd[0m
                  [36m</button>[31m
                [36m</div>[31m
              [36m</div>[31m
            [36m</div>[31m
            [36m<div[31m
              [33mdata-testid[31m=[32m"separator"[31m
            [36m/>[31m
            [36m<div[31m
              [33mdata-testid[31m=[32m"finalize-section"[31m
            [36m>[31m
              [0mFinalize Section[0m
              [36m<button[31m
                [33mdata-testid[31m=[32m"save-quote-btn"[31m
              [36m>[31m
                [0mSave Quote[0m
              [36m</button>[31m
            [36m</div>[31m
          [36m</div>[31m
        [36m</div>[31m
      [36m</div>[31m
    [36m</div>[31m
  [36m</body>[31m
[36m</html>[31m...[39m
[36m [2m❯[22m src/components/sales/unified-composer/__tests__/UnifiedQuoteComposer.smart.test.tsx:[2m448:34[22m[39m
    [90m446| [39m    [90m// Assert Payload[39m
    [90m447| [39m    [35mawait[39m [34mwaitFor[39m(() [33m=>[39m {
    [90m448| [39m        [34mexpect[39m(mockScopedDb[33m.[39mrpc)[33m.[39m[34mtoHaveBeenCalledWith[39m(
    [90m   | [39m                                 [31m^[39m
    [90m449| [39m            [32m'save_quote_atomic'[39m[33m,[39m
    [90m450| [39m            expect[33m.[39m[34mobjectContaining[39m({
[90m [2m❯[22m runWithExpensiveErrorDiagnosticsDisabled node_modules/@testing-library/dom/dist/config.js:[2m47:12[22m[39m
[90m [2m❯[22m checkCallback node_modules/@testing-library/dom/dist/wait-for.js:[2m124:77[22m[39m
[90m [2m❯[22m Timeout.checkRealTimersCallback node_modules/@testing-library/dom/dist/wait-for.js:[2m118:16[22m[39m

[31m[2m⎯⎯⎯⎯⎯⎯⎯⎯⎯⎯⎯⎯⎯⎯⎯⎯⎯⎯⎯⎯⎯⎯⎯⎯[1/1]⎯[22m[39m


[2m Test Files [22m [1m[31m1 failed[39m[22m[90m (1)[39m
[2m      Tests [22m [1m[31m1 failed[39m[22m[2m | [22m[1m[32m1 passed[39m[22m[90m (2)[39m
[2m   Start at [22m 07:27:53
[2m   Duration [22m 2.19s[2m (transform 275ms, setup 177ms, import 403ms, tests 1.06s, environment 401ms)[22m

